// Jest Snapshot v1, https://goo.gl/fbAQLP

exports[`NavigationMoviePageTabs correctly renderer after test 1`] = `
<nav
  className="movie-nav movie-card__nav"
>
  <ul
    className="movie-nav__list"
  />
</nav>
`;
