// Jest Snapshot v1, https://goo.gl/fbAQLP

exports[`Tabs correctly renderer after test 1`] = `null`;
