// Jest Snapshot v1, https://goo.gl/fbAQLP

exports[`MoviesList correctly renders after test 1`] = `null`;
