// Jest Snapshot v1, https://goo.gl/fbAQLP

exports[`VideoPlayer correctly renders after test 1`] = `
<video
  height={175}
  onMouseEnter={[Function]}
  width={280}
/>
`;
